// Jest Snapshot v1, https://goo.gl/fbAQLP

exports[`MovieCount render  correctly 1`] = `
<div>
  <p
    class="movie-count"
  >
    <span>
      5
    </span>
     
    movies found
  </p>
</div>
`;
